// Jest Snapshot v1, https://goo.gl/fbAQLP

exports[`start server should start server 1`] = `
[MockFunction] {
  "calls": Array [
    Array [
      0,
      "listening to http://localhost:51337/",
    ],
  ],
  "results": Array [
    Object {
      "type": "return",
      "value": undefined,
    },
  ],
}
`;
